../source/router_eligible_device_app.c:170:6:TimerCounterTimeout	8	static
../source/router_eligible_device_app.c:600:13:APP_ThrNwkJoin	8	static
../source/router_eligible_device_app.c:872:13:APP_JoinEventsHandler	8	static
../source/router_eligible_device_app.c:618:13:App_JoinTimerCallback	8	static
../source/router_eligible_device_app.c:753:13:APP_AppModeHandleKeyboard	8	static
../source/router_eligible_device_app.c:848:13:App_UpdateStateLeds	8	static
../source/router_eligible_device_app.c:639:13:APP_ConfigModeSwShortPressHandler	8	static
../source/router_eligible_device_app.c:710:13:APP_ConfigModeHandleKeyboard	8	static
../source/router_eligible_device_app.c:822:13:App_HandleKeyboard	8	static
../source/router_eligible_device_app.c:1477:13:App_RestoreLeaderLed	8	static
../source/router_eligible_device_app.c:1210:13:APP_LocalDataSinkRelease	24	static
../source/router_eligible_device_app.c:1007:20:APP_SendDataSinkCommand	32	static
../source/router_eligible_device_app.c:1058:13:APP_SendDataSinkRelease	24	static
../source/router_eligible_device_app.c:920:13:APP_CoapGenericCallback	8	static
../source/router_eligible_device_app.c:1438:13:APP_CoapSinkCb	16	static
../source/router_eligible_device_app.c:1263:13:APP_ProcessLedCmd	24	static
../source/router_eligible_device_app.c:1084:13:APP_SendLedCommand	24	static
../source/router_eligible_device_app.c:1192:13:APP_SendLedColorWheel	32	static
../source/router_eligible_device_app.c:1175:13:APP_SendLedFlash	16	static
../source/router_eligible_device_app.c:1158:13:APP_SendLedRgbOff	40	static
../source/router_eligible_device_app.c:1233:13:APP_CoapLedCb	16	static
../source/router_eligible_device_app.c:1127:13:APP_SendLedRgbOn	56	static
../source/router_eligible_device_app.c:958:13:APP_ReportTemp	24	static
../source/router_eligible_device_app.c:1036:13:APP_SendDataSinkCreate	16	static
../source/router_eligible_device_app.c:571:13:APP_InitCoapDemo	96	static
../source/router_eligible_device_app.c:1685:13:APP_CoapAccelCb	32	static
../source/router_eligible_device_app.c:1578:13:APP_CoapTeam6Cb	32	static
../source/router_eligible_device_app.c:1367:13:APP_CoapTempCb	88	static
../source/router_eligible_device_app.c:175:6:TimerTaskInit	8	static
../source/router_eligible_device_app.c:183:6:StartTimerCounter	8	static
../source/router_eligible_device_app.c:192:6:TimerTask	24	static
../source/router_eligible_device_app.c:264:6:APP_Init	8	static
../source/router_eligible_device_app.c:327:6:APP_Handler	8	static
../source/router_eligible_device_app.c:352:6:APP_NwkScanHandler	16	static
../source/router_eligible_device_app.c:378:6:Stack_to_APP_Handler	16	static
../source/router_eligible_device_app.c:486:6:APP_Commissioning_Handler	80	static
../source/router_eligible_device_app.c:555:6:App_RestoreLeaderLedCb	8	static
