../source/router_eligible_device_app.c:147:6:TimerCounterTimeout	8	static
../source/router_eligible_device_app.c:573:13:APP_ThrNwkJoin	8	static
../source/router_eligible_device_app.c:845:13:APP_JoinEventsHandler	8	static
../source/router_eligible_device_app.c:591:13:App_JoinTimerCallback	8	static
../source/router_eligible_device_app.c:726:13:APP_AppModeHandleKeyboard	8	static
../source/router_eligible_device_app.c:821:13:App_UpdateStateLeds	8	static
../source/router_eligible_device_app.c:612:13:APP_ConfigModeSwShortPressHandler	8	static
../source/router_eligible_device_app.c:683:13:APP_ConfigModeHandleKeyboard	8	static
../source/router_eligible_device_app.c:795:13:App_HandleKeyboard	8	static
../source/router_eligible_device_app.c:1450:13:App_RestoreLeaderLed	8	static
../source/router_eligible_device_app.c:1183:13:APP_LocalDataSinkRelease	24	static
../source/router_eligible_device_app.c:980:20:APP_SendDataSinkCommand	32	static
../source/router_eligible_device_app.c:1031:13:APP_SendDataSinkRelease	24	static
../source/router_eligible_device_app.c:893:13:APP_CoapGenericCallback	8	static
../source/router_eligible_device_app.c:1411:13:APP_CoapSinkCb	16	static
../source/router_eligible_device_app.c:1236:13:APP_ProcessLedCmd	24	static
../source/router_eligible_device_app.c:1057:13:APP_SendLedCommand	24	static
../source/router_eligible_device_app.c:1165:13:APP_SendLedColorWheel	32	static
../source/router_eligible_device_app.c:1148:13:APP_SendLedFlash	16	static
../source/router_eligible_device_app.c:1131:13:APP_SendLedRgbOff	40	static
../source/router_eligible_device_app.c:1206:13:APP_CoapLedCb	16	static
../source/router_eligible_device_app.c:1100:13:APP_SendLedRgbOn	56	static
../source/router_eligible_device_app.c:931:13:APP_ReportTemp	24	static
../source/router_eligible_device_app.c:1009:13:APP_SendDataSinkCreate	16	static
../source/router_eligible_device_app.c:546:13:APP_InitCoapDemo	88	static
../source/router_eligible_device_app.c:1548:13:APP_CoapTeam6Cb	32	static
../source/router_eligible_device_app.c:1340:13:APP_CoapTempCb	88	static
../source/router_eligible_device_app.c:152:6:TimerTaskInit	8	static
../source/router_eligible_device_app.c:160:6:StartTimerCounter	8	static
../source/router_eligible_device_app.c:169:6:TimerTask	24	static
../source/router_eligible_device_app.c:240:6:APP_Init	8	static
../source/router_eligible_device_app.c:302:6:APP_Handler	8	static
../source/router_eligible_device_app.c:327:6:APP_NwkScanHandler	16	static
../source/router_eligible_device_app.c:353:6:Stack_to_APP_Handler	16	static
../source/router_eligible_device_app.c:461:6:APP_Commissioning_Handler	72	static
../source/router_eligible_device_app.c:530:6:App_RestoreLeaderLedCb	8	static
