../source/router_eligible_device_app.c:147:6:TimerCounterTimeout	8	static
../source/router_eligible_device_app.c:556:13:APP_ThrNwkJoin	8	static
../source/router_eligible_device_app.c:828:13:APP_JoinEventsHandler	8	static
../source/router_eligible_device_app.c:574:13:App_JoinTimerCallback	8	static
../source/router_eligible_device_app.c:709:13:APP_AppModeHandleKeyboard	8	static
../source/router_eligible_device_app.c:804:13:App_UpdateStateLeds	8	static
../source/router_eligible_device_app.c:595:13:APP_ConfigModeSwShortPressHandler	8	static
../source/router_eligible_device_app.c:666:13:APP_ConfigModeHandleKeyboard	8	static
../source/router_eligible_device_app.c:778:13:App_HandleKeyboard	8	static
../source/router_eligible_device_app.c:1434:13:App_RestoreLeaderLed	8	static
../source/router_eligible_device_app.c:1167:13:APP_LocalDataSinkRelease	24	static
../source/router_eligible_device_app.c:964:20:APP_SendDataSinkCommand	32	static
../source/router_eligible_device_app.c:1015:13:APP_SendDataSinkRelease	24	static
../source/router_eligible_device_app.c:877:13:APP_CoapGenericCallback	8	static
../source/router_eligible_device_app.c:1395:13:APP_CoapSinkCb	16	static
../source/router_eligible_device_app.c:1220:13:APP_ProcessLedCmd	24	static
../source/router_eligible_device_app.c:1041:13:APP_SendLedCommand	24	static
../source/router_eligible_device_app.c:1149:13:APP_SendLedColorWheel	32	static
../source/router_eligible_device_app.c:1132:13:APP_SendLedFlash	16	static
../source/router_eligible_device_app.c:1115:13:APP_SendLedRgbOff	40	static
../source/router_eligible_device_app.c:1190:13:APP_CoapLedCb	16	static
../source/router_eligible_device_app.c:1084:13:APP_SendLedRgbOn	56	static
../source/router_eligible_device_app.c:915:13:APP_ReportTemp	24	static
../source/router_eligible_device_app.c:993:13:APP_SendDataSinkCreate	16	static
../source/router_eligible_device_app.c:528:13:APP_InitCoapDemo	96	static
../source/router_eligible_device_app.c:1656:13:APP_CoapAccelCb	40	static
../source/router_eligible_device_app.c:1532:13:APP_CoapTeam6Cb	32	static
../source/router_eligible_device_app.c:1633:13:APP_Request	16	static
../source/router_eligible_device_app.c:1324:13:APP_CoapTempCb	88	static
../source/router_eligible_device_app.c:152:6:TimerTaskInit	8	static
../source/router_eligible_device_app.c:160:6:StartTimerCounter	8	static
../source/router_eligible_device_app.c:1598:6:TimerTask	32	static
../source/router_eligible_device_app.c:221:6:APP_Init	8	static
../source/router_eligible_device_app.c:283:6:APP_Handler	8	static
../source/router_eligible_device_app.c:308:6:APP_NwkScanHandler	16	static
../source/router_eligible_device_app.c:334:6:Stack_to_APP_Handler	16	static
../source/router_eligible_device_app.c:442:6:APP_Commissioning_Handler	72	static
../source/router_eligible_device_app.c:512:6:App_RestoreLeaderLedCb	8	static
