../source/router_eligible_device_app.c:1631:13:APP_CoapAccelCb	0	static
../source/router_eligible_device_app.c:147:6:TimerCounterTimeout	8	static
../source/router_eligible_device_app.c:556:13:APP_ThrNwkJoin	8	static
../source/router_eligible_device_app.c:828:13:APP_JoinEventsHandler	8	static
../source/router_eligible_device_app.c:574:13:App_JoinTimerCallback	8	static
../source/router_eligible_device_app.c:709:13:APP_AppModeHandleKeyboard	8	static
../source/router_eligible_device_app.c:804:13:App_UpdateStateLeds	8	static
../source/router_eligible_device_app.c:595:13:APP_ConfigModeSwShortPressHandler	8	static
../source/router_eligible_device_app.c:666:13:APP_ConfigModeHandleKeyboard	8	static
../source/router_eligible_device_app.c:778:13:App_HandleKeyboard	8	static
../source/router_eligible_device_app.c:1433:13:App_RestoreLeaderLed	8	static
../source/router_eligible_device_app.c:1166:13:APP_LocalDataSinkRelease	24	static
../source/router_eligible_device_app.c:963:20:APP_SendDataSinkCommand	32	static
../source/router_eligible_device_app.c:1014:13:APP_SendDataSinkRelease	24	static
../source/router_eligible_device_app.c:876:13:APP_CoapGenericCallback	8	static
../source/router_eligible_device_app.c:1394:13:APP_CoapSinkCb	16	static
../source/router_eligible_device_app.c:1219:13:APP_ProcessLedCmd	24	static
../source/router_eligible_device_app.c:1040:13:APP_SendLedCommand	24	static
../source/router_eligible_device_app.c:1148:13:APP_SendLedColorWheel	32	static
../source/router_eligible_device_app.c:1131:13:APP_SendLedFlash	16	static
../source/router_eligible_device_app.c:1114:13:APP_SendLedRgbOff	40	static
../source/router_eligible_device_app.c:1189:13:APP_CoapLedCb	16	static
../source/router_eligible_device_app.c:1083:13:APP_SendLedRgbOn	56	static
../source/router_eligible_device_app.c:914:13:APP_ReportTemp	24	static
../source/router_eligible_device_app.c:992:13:APP_SendDataSinkCreate	16	static
../source/router_eligible_device_app.c:528:13:APP_InitCoapDemo	96	static
../source/router_eligible_device_app.c:1531:13:APP_CoapTeam6Cb	32	static
../source/router_eligible_device_app.c:1323:13:APP_CoapTempCb	88	static
../source/router_eligible_device_app.c:152:6:TimerTaskInit	8	static
../source/router_eligible_device_app.c:160:6:StartTimerCounter	8	static
../source/router_eligible_device_app.c:1595:6:TimerTask	32	static
../source/router_eligible_device_app.c:222:6:APP_Init	8	static
../source/router_eligible_device_app.c:284:6:APP_Handler	8	static
../source/router_eligible_device_app.c:309:6:APP_NwkScanHandler	16	static
../source/router_eligible_device_app.c:335:6:Stack_to_APP_Handler	16	static
../source/router_eligible_device_app.c:443:6:APP_Commissioning_Handler	72	static
../source/router_eligible_device_app.c:512:6:App_RestoreLeaderLedCb	8	static
